{
    "example": {
        "Nonce": "mDCOS8MT0etiyDKaXv8X0Q==",
        "Reserved": "//////////8=",
        "ContentKey": "RgbuFMgbZP051gzgXp8WbQNJ5y50eNyyBL/6qdQNn6c="
    }
}
